03:36:37 **** Incremental Build of configuration Debug for project Microondas ****
make -j8 all 
arm-none-eabi-gcc "../Src/main.c" -mcpu=cortex-m0plus -std=gnu11 -g3 -DDEBUG -DNUCLEO_L053R8 -DSTM32L053xx -DSTM32 -DSTM32L0 -DSTM32L053R8Tx -c -I../Inc -I"C:/STM32/L0/Drivers/CMSIS/Include" -I"C:/STM32/L0/Drivers/CMSIS/Device/ST/STM32L0xx/Include" -I"C:/Users/Maria Priscila Quiro/STM32Cube/Repository/STM32Cube_FW_L0_V1.12.3/Drivers/CMSIS/Include" -I"C:/Users/Maria Priscila Quiro/STM32Cube/Repository/STM32Cube_FW_L0_V1.12.3/Drivers/CMSIS/Device/ST/STM32L0xx/Include" -O0 -ffunction-sections -fdata-sections -Wall -fstack-usage -fcyclomatic-complexity -MMD -MP -MF"Src/main.d" -MT"Src/main.o" --specs=nano.specs -mfloat-abi=soft -mthumb -o "Src/main.o"
arm-none-eabi-gcc -o "Microondas.elf" @"objects.list"   -mcpu=cortex-m0plus -T"C:\STM32\P3\Microondas\STM32L053R8TX_FLASH.ld" --specs=nosys.specs -Wl,-Map="Microondas.map" -Wl,--gc-sections -static --specs=nano.specs -mfloat-abi=soft -mthumb -Wl,--start-group -lc -lm -Wl,--end-group
Finished building target: Microondas.elf
 
arm-none-eabi-size  Microondas.elf 
arm-none-eabi-objdump -h -S Microondas.elf  > "Microondas.list"
   text	   data	    bss	    dec	    hex	filename
  11168	    124	   1972	  13264	   33d0	Microondas.elf
Finished building: default.size.stdout
 
Finished building: Microondas.list
 
03:36:40 **** Incremental Build of configuration Debug for project Microondas ****
make -j8 all 
arm-none-eabi-size  Microondas.elf 
   text	   data	    bss	    dec	    hex	filename
  11168	    124	   1972	  13264	   33d0	Microondas.elf
Finished building: default.size.stdout
 
